E:\Work\Applications\School-ERP\SchoolERP.Infrastructure\Services\FeeService.cs(215,55): error CS1061: 'IOrganizationService' does not contain a definition for 'GetCurrentOrganizationId' and no accessible extension method 'GetCurrentOrganizationId' accepting a first argument of type 'IOrganizationService' could be found (are you missing a using directive or an assembly reference?) [E:\Work\Applications\School-ERP\SchoolERP.Infrastructure\SchoolERP.Infrastructure.csproj]
E:\Work\Applications\School-ERP\SchoolERP.Infrastructure\Services\FeeService.cs(265,55): error CS1061: 'IOrganizationService' does not contain a definition for 'GetCurrentOrganizationId' and no accessible extension method 'GetCurrentOrganizationId' accepting a first argument of type 'IOrganizationService' could be found (are you missing a using directive or an assembly reference?) [E:\Work\Applications\School-ERP\SchoolERP.Infrastructure\SchoolERP.Infrastructure.csproj]
E:\Work\Applications\School-ERP\SchoolERP.Infrastructure\Services\FeeService.cs(284,55): error CS1061: 'IOrganizationService' does not contain a definition for 'GetCurrentOrganizationId' and no accessible extension method 'GetCurrentOrganizationId' accepting a first argument of type 'IOrganizationService' could be found (are you missing a using directive or an assembly reference?) [E:\Work\Applications\School-ERP\SchoolERP.Infrastructure\SchoolERP.Infrastructure.csproj]
E:\Work\Applications\School-ERP\SchoolERP.Infrastructure\Services\FeeService.cs(420,67): error CS1061: 'IOrganizationService' does not contain a definition for 'GetCurrentOrganizationId' and no accessible extension method 'GetCurrentOrganizationId' accepting a first argument of type 'IOrganizationService' could be found (are you missing a using directive or an assembly reference?) [E:\Work\Applications\School-ERP\SchoolERP.Infrastructure\SchoolERP.Infrastructure.csproj]
E:\Work\Applications\School-ERP\SchoolERP.Infrastructure\Services\FeeService.cs(455,75): error CS1061: 'IOrganizationService' does not contain a definition for 'GetCurrentOrganizationId' and no accessible extension method 'GetCurrentOrganizationId' accepting a first argument of type 'IOrganizationService' could be found (are you missing a using directive or an assembly reference?) [E:\Work\Applications\School-ERP\SchoolERP.Infrastructure\SchoolERP.Infrastructure.csproj]

Build FAILED.
    2 Warning(s)
    5 Error(s)

Time Elapsed 00:00:03.98
